// Jest Snapshot v1, https://goo.gl/fbAQLP

exports[`DisbursementTrends renders correctly 1`] = `
<section
  className="root"
>
  <h3
    className="title h3-bar"
  >
    Dispersement trends
  </h3>
  Includes dispursments through 
  FY18 year to date so far
  <table
    className="dispersementTable"
  >
    <thead>
      <tr>
        <th>
          10-year trend
        </th>
        <th
          className="alignRight"
        >
          FY18 year to date so far
        </th>
      </tr>
    </thead>
    <tbody>
      <tr
        className="undefined"
      >
        <td>
          U.S. Treasury
        </td>
        <td
          className="alignRight"
        >
          $3.51 billion
        </td>
      </tr>
      <tr>
        <td>
          <div
            style={Object {}}
          />
        </td>
        <td
          className="alignRight"
        >
          <span>
            <test-file-stub
              viewBox="-20 -15 50 40"
            />
            <span>
              40%
            </span>
          </span>
           from FY17
        </td>
      </tr>
      <tr
        className="undefined"
      >
        <td>
          States & counties
        </td>
        <td
          className="alignRight"
        >
          $1.78 billion
        </td>
      </tr>
      <tr>
        <td>
          <div
            style={Object {}}
          />
        </td>
        <td
          className="alignRight"
        >
          <span>
            <test-file-stub
              viewBox="-20 -15 50 40"
            />
            <span>
              24%
            </span>
          </span>
           from FY17
        </td>
      </tr>
      <tr
        className="undefined"
      >
        <td>
          Reclamation fund
        </td>
        <td
          className="alignRight"
        >
          $1.22 billion
        </td>
      </tr>
      <tr>
        <td>
          <div
            style={Object {}}
          />
        </td>
        <td
          className="alignRight"
        >
          <span>
            <test-file-stub
              viewBox="-20 -15 50 40"
            />
            <span>
              7%
            </span>
          </span>
           from FY17
        </td>
      </tr>
      <tr
        className="undefined"
      >
        <td>
          Native Americans
        </td>
        <td
          className="alignRight"
        >
          $1.02 billion
        </td>
      </tr>
      <tr>
        <td>
          <div
            style={Object {}}
          />
        </td>
        <td
          className="alignRight"
        >
          <span>
            <test-file-stub
              viewBox="-20 -15 50 40"
            />
            <span>
              51%
            </span>
          </span>
           from FY17
        </td>
      </tr>
      <tr
        className="undefined"
      >
        <td>
          Other Funds
        </td>
        <td
          className="alignRight"
        >
          $1.40 billion
        </td>
      </tr>
      <tr>
        <td>
          <div
            style={Object {}}
          />
        </td>
        <td
          className="alignRight"
        >
          <span>
            <test-file-stub
              viewBox="-20 -15 50 40"
            />
            <span>
              4%
            </span>
          </span>
           from FY17
        </td>
      </tr>
      <tr
        className="strong"
      >
        <td>
          Total
        </td>
        <td
          className="alignRight"
        >
          $8.94 billion
        </td>
      </tr>
      <tr>
        <td>
          <div
            style={Object {}}
          />
        </td>
        <td
          className="alignRight"
        >
          <span>
            <test-file-stub
              viewBox="-20 -15 50 40"
            />
            <span>
              26%
            </span>
          </span>
           from FY17
        </td>
      </tr>
    </tbody>
  </table>
</section>
`;
